ERROR(8): Symbol 'j' is already declared at line 6.
Number of errors: 1
Number of warnings: 3
WARNING(3): The variable 'a' seems not to be used.
WARNING(5): The variable 'i' seems not to be used.
WARNING(9): Variable 'i' may be uninitialized when used here.
