ERROR(LINKER): A function named 'main()' must be defined.
Number of errors: 1
Number of warnings: 6
WARNING(13): The variable 'b' seems not to be used.
WARNING(16): The variable 'c' seems not to be used.
WARNING(2): The variable 'p' seems not to be used.
WARNING(4): The variable 'a' seems not to be used.
WARNING(6): The variable 'b' seems not to be used.
WARNING(9): The variable 'c' seems not to be used.
