ERROR(13): '<=' requires operands of the same type but lhs is type bool and rhs is type int.
Number of errors: 1
Number of warnings: 0
