====================================
ERROR(2): Syntax error, unexpected end of input, expecting "bool" or "char" or "int" or identifier.
FILE: syntaxerr-empty.c-
Number of errors: 1
Number of warnings: 0
