====================================
ERROR(2): Syntax error, unexpected "end", expecting "bool" or "char" or "int" or identifier.
ERROR(4): Syntax error, unexpected "end".
ERROR(5): Syntax error, unexpected "end".
ERROR(5): Syntax error, unexpected numeric constant "666".
ERROR(6): Syntax error, unexpected "++".
FILE: syntaxerr-compound.c-
Number of errors: 5
Number of warnings: 0
