====================================
ERROR(10): Syntax error, unexpected "begin", expecting "<=".
FILE: syntaxerr-loopscope2.c-
Number of errors: 1
Number of warnings: 0
